---
source: src/hoist.rs
expression: codegen_ret.source_text
input_file: tests/hoist/basic.js
---
let count = 0;
export function Counter() {
	const outer1 = 0;
	const outer2 = 0;
	return {
		type: 'form',
		action: $$register($$hoist_0, '<id>', '$$hoist_0').bind(null, outer1, outer2)
	};
}
export function $$hoist_0(outer1, outer2, formData) {
	const inner = 0;
	count += Number(formData.get('name'));
	count += inner;
	count += outer1;
	count += outer2;
}
