---
source: src/hoist.rs
input_file: tests/hoist/top.js
---
const x = 'x';
const f = $$register($$hoist_0, '<id>', '$$hoist_0');
const f2 = $$register($$hoist_1, '<id>', '$$hoist_1');
const g = async () => {};
async function g2() {}
const h = $$register($$hoist_1, '<id>', '$$hoist_1');
const h2 = $$register($$hoist_2, '<id>', '$$hoist_2');
export async function $$hoist_0() {
	return x;
}
export async function $$hoist_1(formData) {
	return formData.get(x);
}
